<pre><code>code block
code block
</code></pre>

<pre><code class="language-php">&lt;?php

class Test
{

}
</code></pre>

<h2>header</h2>
