<pre><code class="nohighlight">&lt;?php phpinfo(); ?&gt;
</code></pre>
