<pre><code class="language-php">&lt;?php phpinfo(); ?&gt;
</code></pre>
